
> ghas-reporting-engine@0.1.0 test
> vitest run


 RUN  v3.2.4 /Users/writingpanda/projects/GHAS-Reporting-Engine

 ✓ tests/CWEExtractor.test.ts (9 tests) 2ms
 ✓ src/tests/CWEExtractor.test.ts (9 tests) 2ms
 ✓ tests/OWASPMappings.test.ts (9 tests) 10ms
 ✓ src/tests/FrameworkAnalyzer.test.ts (12 tests) 4ms
 ✓ tests/FrameworkAnalyzer.test.ts (16 tests) 4ms
 ✓ tests/ReportingEngine.cwe.test.ts (5 tests) 7ms

 Test Files  6 passed (6)
      Tests  60 passed (60)
   Start at  15:32:14
   Duration  1.11s (transform 144ms, setup 0ms, collect 959ms, tests 30ms, environment 1ms, prepare 405ms)

